../Drivers/CMSIS/Include/core_cm3.h:1511:22:__NVIC_EnableIRQ	16	static
../Core/Src/motor_control.c:24:6:TIM2_IC_PWM_init	4	static
../Core/Src/motor_control.c:42:6:TIM3_IC_PWM_init	4	static
../Core/Src/motor_control.c:59:6:PWM_init	8	static
../Core/Src/motor_control.c:71:6:TIM4_IRQHandler	4	static
../Core/Src/motor_control.c:80:6:update_dutyR	16	static
../Core/Src/motor_control.c:89:6:update_dutyL	16	static
../Core/Src/motor_control.c:98:6:calc_rpm	8	static
../Core/Src/motor_control.c:110:6:PID_controller	16	static
../Core/Src/motor_control.c:122:6:GPIO_init	4	static
../Core/Src/motor_control.c:129:6:start_engine	8	static
../Core/Src/motor_control.c:135:6:drive	16	static
../Core/Src/motor_control.c:147:7:abs_value	16	static
../Core/Src/motor_control.c:154:6:update_direction	16	static
../Core/Src/motor_control.c:166:6:car_process	24	static
