Archive member included to satisfy reference by file (symbol)

C:/ST/STM32CubeIDE_1.14.1/STM32CubeIDE/plugins/com.st.stm32cube.ide.mcu.externaltools.gnu-tools-for-stm32.12.3.rel1.win32_1.0.100.202403111256/tools/bin/../lib/gcc/arm-none-eabi/12.3.1/../../../../arm-none-eabi/lib/thumb/v7-m/nofp\libc_nano.a(libc_a-exit.o)
                              C:/ST/STM32CubeIDE_1.14.1/STM32CubeIDE/plugins/com.st.stm32cube.ide.mcu.externaltools.gnu-tools-for-stm32.12.3.rel1.win32_1.0.100.202403111256/tools/bin/../lib/gcc/arm-none-eabi/12.3.1/../../../../arm-none-eabi/lib/thumb/v7-m/nofp/crt0.o (exit)
C:/ST/STM32CubeIDE_1.14.1/STM32CubeIDE/plugins/com.st.stm32cube.ide.mcu.externaltools.gnu-tools-for-stm32.12.3.rel1.win32_1.0.100.202403111256/tools/bin/../lib/gcc/arm-none-eabi/12.3.1/../../../../arm-none-eabi/lib/thumb/v7-m/nofp\libc_nano.a(libc_a-findfp.o)
                              C:/ST/STM32CubeIDE_1.14.1/STM32CubeIDE/plugins/com.st.stm32cube.ide.mcu.externaltools.gnu-tools-for-stm32.12.3.rel1.win32_1.0.100.202403111256/tools/bin/../lib/gcc/arm-none-eabi/12.3.1/../../../../arm-none-eabi/lib/thumb/v7-m/nofp\libc_nano.a(libc_a-exit.o) (__stdio_exit_handler)
C:/ST/STM32CubeIDE_1.14.1/STM32CubeIDE/plugins/com.st.stm32cube.ide.mcu.externaltools.gnu-tools-for-stm32.12.3.rel1.win32_1.0.100.202403111256/tools/bin/../lib/gcc/arm-none-eabi/12.3.1/../../../../arm-none-eabi/lib/thumb/v7-m/nofp\libc_nano.a(libc_a-fwalk.o)
                              C:/ST/STM32CubeIDE_1.14.1/STM32CubeIDE/plugins/com.st.stm32cube.ide.mcu.externaltools.gnu-tools-for-stm32.12.3.rel1.win32_1.0.100.202403111256/tools/bin/../lib/gcc/arm-none-eabi/12.3.1/../../../../arm-none-eabi/lib/thumb/v7-m/nofp\libc_nano.a(libc_a-findfp.o) (_fwalk_sglue)
C:/ST/STM32CubeIDE_1.14.1/STM32CubeIDE/plugins/com.st.stm32cube.ide.mcu.externaltools.gnu-tools-for-stm32.12.3.rel1.win32_1.0.100.202403111256/tools/bin/../lib/gcc/arm-none-eabi/12.3.1/../../../../arm-none-eabi/lib/thumb/v7-m/nofp\libc_nano.a(libc_a-snprintf.o)
                              ./Core/Src/ssd1306_tests.o (snprintf)
C:/ST/STM32CubeIDE_1.14.1/STM32CubeIDE/plugins/com.st.stm32cube.ide.mcu.externaltools.gnu-tools-for-stm32.12.3.rel1.win32_1.0.100.202403111256/tools/bin/../lib/gcc/arm-none-eabi/12.3.1/../../../../arm-none-eabi/lib/thumb/v7-m/nofp\libc_nano.a(libc_a-stdio.o)
                              C:/ST/STM32CubeIDE_1.14.1/STM32CubeIDE/plugins/com.st.stm32cube.ide.mcu.externaltools.gnu-tools-for-stm32.12.3.rel1.win32_1.0.100.202403111256/tools/bin/../lib/gcc/arm-none-eabi/12.3.1/../../../../arm-none-eabi/lib/thumb/v7-m/nofp\libc_nano.a(libc_a-findfp.o) (__sread)
C:/ST/STM32CubeIDE_1.14.1/STM32CubeIDE/plugins/com.st.stm32cube.ide.mcu.externaltools.gnu-tools-for-stm32.12.3.rel1.win32_1.0.100.202403111256/tools/bin/../lib/gcc/arm-none-eabi/12.3.1/../../../../arm-none-eabi/lib/thumb/v7-m/nofp\libc_nano.a(libc_a-memmove.o)
                              ./Core/Src/ssd1306_tests.o (memmove)
C:/ST/STM32CubeIDE_1.14.1/STM32CubeIDE/plugins/com.st.stm32cube.ide.mcu.externaltools.gnu-tools-for-stm32.12.3.rel1.win32_1.0.100.202403111256/tools/bin/../lib/gcc/arm-none-eabi/12.3.1/../../../../arm-none-eabi/lib/thumb/v7-m/nofp\libc_nano.a(libc_a-memset.o)
                              C:/ST/STM32CubeIDE_1.14.1/STM32CubeIDE/plugins/com.st.stm32cube.ide.mcu.externaltools.gnu-tools-for-stm32.12.3.rel1.win32_1.0.100.202403111256/tools/bin/../lib/gcc/arm-none-eabi/12.3.1/../../../../arm-none-eabi/lib/thumb/v7-m/nofp/crt0.o (memset)
C:/ST/STM32CubeIDE_1.14.1/STM32CubeIDE/plugins/com.st.stm32cube.ide.mcu.externaltools.gnu-tools-for-stm32.12.3.rel1.win32_1.0.100.202403111256/tools/bin/../lib/gcc/arm-none-eabi/12.3.1/../../../../arm-none-eabi/lib/thumb/v7-m/nofp\libc_nano.a(libc_a-closer.o)
                              C:/ST/STM32CubeIDE_1.14.1/STM32CubeIDE/plugins/com.st.stm32cube.ide.mcu.externaltools.gnu-tools-for-stm32.12.3.rel1.win32_1.0.100.202403111256/tools/bin/../lib/gcc/arm-none-eabi/12.3.1/../../../../arm-none-eabi/lib/thumb/v7-m/nofp\libc_nano.a(libc_a-stdio.o) (_close_r)
C:/ST/STM32CubeIDE_1.14.1/STM32CubeIDE/plugins/com.st.stm32cube.ide.mcu.externaltools.gnu-tools-for-stm32.12.3.rel1.win32_1.0.100.202403111256/tools/bin/../lib/gcc/arm-none-eabi/12.3.1/../../../../arm-none-eabi/lib/thumb/v7-m/nofp\libc_nano.a(libc_a-reent.o)
                              C:/ST/STM32CubeIDE_1.14.1/STM32CubeIDE/plugins/com.st.stm32cube.ide.mcu.externaltools.gnu-tools-for-stm32.12.3.rel1.win32_1.0.100.202403111256/tools/bin/../lib/gcc/arm-none-eabi/12.3.1/../../../../arm-none-eabi/lib/thumb/v7-m/nofp\libc_nano.a(libc_a-closer.o) (errno)
C:/ST/STM32CubeIDE_1.14.1/STM32CubeIDE/plugins/com.st.stm32cube.ide.mcu.externaltools.gnu-tools-for-stm32.12.3.rel1.win32_1.0.100.202403111256/tools/bin/../lib/gcc/arm-none-eabi/12.3.1/../../../../arm-none-eabi/lib/thumb/v7-m/nofp\libc_nano.a(libc_a-impure.o)
[...]
Memory Configuration

Name             Origin             Length             Attributes
RAM              0x20000000         0x00005000         xrw
FLASH            0x08000000         0x00010000         xr
*default*        0x00000000         0xffffffff

Linker script and memory map

LOAD C:/ST/STM32CubeIDE_1.14.1/STM32CubeIDE/plugins/com.st.stm32cube.ide.mcu.externaltools.gnu-tools-for-stm32.12.3.rel1.win32_1.0.100.202403111256/tools/bin/../lib/gcc/arm-none-eabi/12.3.1/thumb/v7-m/nofp/crti.o
LOAD C:/ST/STM32CubeIDE_1.14.1/STM32CubeIDE/plugins/com.st.stm32cube.ide.mcu.externaltools.gnu-tools-for-stm32.12.3.rel1.win32_1.0.100.202403111256/tools/bin/../lib/gcc/arm-none-eabi/12.3.1/thumb/v7-m/nofp/crtbegin.o
LOAD C:/ST/STM32CubeIDE_1.14.1/STM32CubeIDE/plugins/com.st.stm32cube.ide.mcu.externaltools.gnu-tools-for-stm32.12.3.rel1.win32_1.0.100.202403111256/tools/bin/../lib/gcc/arm-none-eabi/12.3.1/../../../../arm-none-eabi/lib/thumb/v7-m/nofp/crt0.o
LOAD ./Core/Src/USART_tx.o
LOAD ./Core/Src/flex.o
LOAD ./Core/Src/freertos.o
LOAD ./Core/Src/main.o
LOAD ./Core/Src/ssd1306.o
LOAD ./Core/Src/ssd1306_fonts.o
LOAD ./Core/Src/ssd1306_tests.o
LOAD ./Core/Src/stm32f1xx_hal_msp.o
LOAD ./Core/Src/stm32f1xx_it.o
LOAD ./Core/Src/syscalls.o
LOAD ./Core/Src/sysmem.o
LOAD ./Core/Src/system_stm32f1xx.o
LOAD ./Core/Startup/startup_stm32f103c8tx.o
LOAD ./Drivers/STM32F1xx_HAL_Driver/Src/stm32f1xx_hal.o
LOAD ./Drivers/STM32F1xx_HAL_Driver/Src/stm32f1xx_hal_cortex.o
LOAD ./Drivers/STM32F1xx_HAL_Driver/Src/stm32f1xx_hal_dma.o
LOAD ./Drivers/STM32F1xx_HAL_Driver/Src/stm32f1xx_hal_exti.o
LOAD ./Drivers/STM32F1xx_HAL_Driver/Src/stm32f1xx_hal_flash.o
LOAD ./Drivers/STM32F1xx_HAL_Driver/Src/stm32f1xx_hal_flash_ex.o
LOAD ./Drivers/STM32F1xx_HAL_Driver/Src/stm32f1xx_hal_gpio.o
LOAD ./Drivers/STM32F1xx_HAL_Driver/Src/stm32f1xx_hal_gpio_ex.o
LOAD ./Drivers/STM32F1xx_HAL_Driver/Src/stm32f1xx_hal_i2c.o
LOAD ./Drivers/STM32F1xx_HAL_Driver/Src/stm32f1xx_hal_pwr.o
LOAD ./Drivers/STM32F1xx_HAL_Driver/Src/stm32f1xx_hal_rcc.o
LOAD ./Drivers/STM32F1xx_HAL_Driver/Src/stm32f1xx_hal_rcc_ex.o
LOAD ./Drivers/STM32F1xx_HAL_Driver/Src/stm32f1xx_hal_tim.o
LOAD ./Drivers/STM32F1xx_HAL_Driver/Src/stm32f1xx_hal_tim_ex.o
LOAD ./Middlewares/Third_Party/FreeRTOS/Source/CMSIS_RTOS/cmsis_os.o
LOAD ./Middlewares/Third_Party/FreeRTOS/Source/croutine.o
LOAD ./Middlewares/Third_Party/FreeRTOS/Source/event_groups.o
LOAD ./Middlewares/Third_Party/FreeRTOS/Source/list.o
LOAD ./Middlewares/Third_Party/FreeRTOS/Source/queue.o
LOAD ./Middlewares/Third_Party/FreeRTOS/Source/stream_buffer.o
LOAD ./Middlewares/Third_Party/FreeRTOS/Source/tasks.o
LOAD ./Middlewares/Third_Party/FreeRTOS/Source/timers.o
LOAD ./Middlewares/Third_Party/FreeRTOS/Source/portable/GCC/ARM_CM3/port.o
LOAD ./Middlewares/Third_Party/FreeRTOS/Source/portable/MemMang/heap_4.o
START GROUP
LOAD C:/ST/STM32CubeIDE_1.14.1/STM32CubeIDE/plugins/com.st.stm32cube.ide.mcu.externaltools.gnu-tools-for-stm32.12.3.rel1.win32_1.0.100.202403111256/tools/bin/../lib/gcc/arm-none-eabi/12.3.1/../../../../arm-none-eabi/lib/thumb/v7-m/nofp\libc_nano.a
LOAD C:/ST/STM32CubeIDE_1.14.1/STM32CubeIDE/plugins/com.st.stm32cube.ide.mcu.externaltools.gnu-tools-for-stm32.12.3.rel1.win32_1.0.100.202403111256/tools/bin/../lib/gcc/arm-none-eabi/12.3.1/../../../../arm-none-eabi/lib/thumb/v7-m/nofp\libm.a
END GROUP
START GROUP
LOAD C:/ST/STM32CubeIDE_1.14.1/STM32CubeIDE/plugins/com.st.stm32cube.ide.mcu.externaltools.gnu-tools-for-stm32.12.3.rel1.win32_1.0.100.202403111256/tools/bin/../lib/gcc/arm-none-eabi/12.3.1/thumb/v7-m/nofp\libgcc.a
LOAD C:/ST/STM32CubeIDE_1.14.1/STM32CubeIDE/plugins/com.st.stm32cube.ide.mcu.externaltools.gnu-tools-for-stm32.12.3.rel1.win32_1.0.100.202403111256/tools/bin/../lib/gcc/arm-none-eabi/12.3.1/../../../../arm-none-eabi/lib/thumb/v7-m/nofp\libc_nano.a
END GROUP
START GROUP
LOAD C:/ST/STM32CubeIDE_1.14.1/STM32CubeIDE/plugins/com.st.stm32cube.ide.mcu.externaltools.gnu-tools-for-stm32.12.3.rel1.win32_1.0.100.202403111256/tools/bin/../lib/gcc/arm-none-eabi/12.3.1/thumb/v7-m/nofp\libgcc.a
LOAD C:/ST/STM32CubeIDE_1.14.1/STM32CubeIDE/plugins/com.st.stm32cube.ide.mcu.externaltools.gnu-tools-for-stm32.12.3.rel1.win32_1.0.100.202403111256/tools/bin/../lib/gcc/arm-none-eabi/12.3.1/../../../../arm-none-eabi/lib/thumb/v7-m/nofp\libc_nano.a
LOAD C:/ST/STM32CubeIDE_1.14.1/STM32CubeIDE/plugins/com.st.stm32cube.ide.mcu.externaltools.gnu-tools-for-stm32.12.3.rel1.win32_1.0.100.202403111256/tools/bin/../lib/gcc/arm-none-eabi/12.3.1/../../../../arm-none-eabi/lib/thumb/v7-m/nofp\libnosys.a
END GROUP
START GROUP
LOAD C:/ST/STM32CubeIDE_1.14.1/STM32CubeIDE/plugins/com.st.stm32cube.ide.mcu.externaltools.gnu-tools-for-stm32.12.3.rel1.win32_1.0.100.202403111256/tools/bin/../lib/gcc/arm-none-eabi/12.3.1/thumb/v7-m/nofp\libgcc.a
LOAD C:/ST/STM32CubeIDE_1.14.1/STM32CubeIDE/plugins/com.st.stm32cube.ide.mcu.externaltools.gnu-tools-for-stm32.12.3.rel1.win32_1.0.100.202403111256/tools/bin/../lib/gcc/arm-none-eabi/12.3.1/../../../../arm-none-eabi/lib/thumb/v7-m/nofp\libc_nano.a
LOAD C:/ST/STM32CubeIDE_1.14.1/STM32CubeIDE/plugins/com.st.stm32cube.ide.mcu.externaltools.gnu-tools-for-stm32.12.3.rel1.win32_1.0.100.202403111256/tools/bin/../lib/gcc/arm-none-eabi/12.3.1/../../../../arm-none-eabi/lib/thumb/v7-m/nofp\libnosys.a
END GROUP
LOAD C:/ST/STM32CubeIDE_1.14.1/STM32CubeIDE/plugins/com.st.stm32cube.ide.mcu.externaltools.gnu-tools-for-stm32.12.3.rel1.win32_1.0.100.202403111256/tools/bin/../lib/gcc/arm-none-eabi/12.3.1/thumb/v7-m/nofp/crtend.o
LOAD C:/ST/STM32CubeIDE_1.14.1/STM32CubeIDE/plugins/com.st.stm32cube.ide.mcu.externaltools.gnu-tools-for-stm32.12.3.rel1.win32_1.0.100.202403111256/tools/bin/../lib/gcc/arm-none-eabi/12.3.1/thumb/v7-m/nofp/crtn.o
                0x20005000                        _estack = (ORIGIN (RAM) + LENGTH (RAM))
                0x00000200                        _Min_Heap_Size = 0x200
                0x00000400                        _Min_Stack_Size = 0x400

.isr_vector     0x08000000      0x10c
                0x08000000                        . = ALIGN (0x4)
 *(.isr_vector)
 .isr_vector    0x08000000      0x10c ./Core/Startup/startup_stm32f103c8tx.o
                0x08000000                g_pfnVectors
                0x0800010c                        . = ALIGN (0x4)

.text           0x08000110     0x451c
                0x08000110                        . = ALIGN (0x4)
 *(.text)
 .text          0x08000110       0x40 C:/ST/STM32CubeIDE_1.14.1/STM32CubeIDE/plugins/com.st.stm32cube.ide.mcu.externaltools.gnu-tools-for-stm32.12.3.rel1.win32_1.0.100.202403111256/tools/bin/../lib/gcc/arm-none-eabi/12.3.1/thumb/v7-m/nofp/crtbegin.o
 .text          0x08000150      0x378 C:/ST/STM32CubeIDE_1.14.1/STM32CubeIDE/plugins/com.st.stm32cube.ide.mcu.externaltools.gnu-tools-for-stm32.12.3.rel1.win32_1.0.100.202403111256/tools/bin/../lib/gcc/arm-none-eabi/12.3.1/thumb/v7-m/nofp\libgcc.a(_arm_addsubdf3.o)
                0x08000150                __aeabi_drsub
                0x08000158                __aeabi_dsub
                0x08000158                __subdf3
                0x0800015c                __aeabi_dadd
                0x0800015c                __adddf3
                0x080003d4                __floatunsidf
                0x080003d4                __aeabi_ui2d
                0x080003f4                __floatsidf
                0x080003f4                __aeabi_i2d
                0x08000418                __aeabi_f2d
                0x08000418                __extendsfdf2
                0x0800045c                __floatundidf
                0x0800045c                __aeabi_ul2d
                0x0800046c                __floatdidf
                0x0800046c                __aeabi_l2d
 .text          0x080004c8      0x424 C:/ST/STM32CubeIDE_1.14.1/STM32CubeIDE/plugins/com.st.stm32cube.ide.mcu.externaltools.gnu-tools-for-stm32.12.3.rel1.win32_1.0.100.202403111256/tools/bin/../lib/gcc/arm-none-eabi/12.3.1/thumb/v7-m/nofp\libgcc.a(_arm_muldivdf3.o)
                0x080004c8                __aeabi_dmul
                0x080004c8                __muldf3
                0x0800071c                __divdf3
                0x0800071c                __aeabi_ddiv
 .text          0x080008ec       0xa0 C:/ST/STM32CubeIDE_1.14.1/STM32CubeIDE/plugins/com.st.stm32cube.ide.mcu.externaltools.gnu-tools-for-stm32.12.3.rel1.win32_1.0.100.202403111256/tools/bin/../lib/gcc/arm-none-eabi/12.3.1/thumb/v7-m/nofp\libgcc.a(_arm_truncdfsf2.o)
                0x080008ec                __truncdfsf2
                0x080008ec                __aeabi_d2f
 .text          0x0800098c      0x2a0 C:/ST/STM32CubeIDE_1.14.1/STM32CubeIDE/plugins/com.st.stm32cube.ide.mcu.externaltools.gnu-tools-for-stm32.12.3.rel1.win32_1.0.100.202403111256/tools/bin/../lib/gcc/arm-none-eabi/12.3.1/thumb/v7-m/nofp\libgcc.a(_arm_muldivsf3.o)
                0x0800098c                __mulsf3
                0x0800098c                __aeabi_fmul
                0x08000af4                __aeabi_fdiv
                0x08000af4                __divsf3
 .text          0x08000c2c       0xec C:/ST/STM32CubeIDE_1.14.1/STM32CubeIDE/plugins/com.st.stm32cube.ide.mcu.externaltools.gnu-tools-for-stm32.12.3.rel1.win32_1.0.100.202403111256/tools/bin/../lib/gcc/arm-none-eabi/12.3.1/thumb/v7-m/nofp\libgcc.a(_arm_cmpsf2.o)
                0x08000c2c                __gesf2
                0x08000c2c                __gtsf2
                0x08000c34                __lesf2
                0x08000c34                __ltsf2
                0x08000c3c                __nesf2
                0x08000c3c                __eqsf2
                0x08000c3c                __cmpsf2
                0x08000c9c                __aeabi_cfrcmple
                0x08000ca4                __aeabi_cfcmpeq
                0x08000ca4                __aeabi_cfcmple
                0x08000cb4                __aeabi_fcmpeq
                0x08000cc8                __aeabi_fcmplt
                0x08000cdc                __aeabi_fcmple
                0x08000cf0                __aeabi_fcmpge
                0x08000d04                __aeabi_fcmpgt
 *(.text*)
 .text.__NVIC_EnableIRQ
                0x08000d18       0x38 ./Core/Src/USART_tx.o
 .text.USART1_IRQHandler
                0x08000d50       0x1c ./Core/Src/USART_tx.o
                0x08000d50                USART1_IRQHandler
 .text.usart_init
                0x08000d6c       0x74 ./Core/Src/USART_tx.o
                0x08000d6c                usart_init
 .text.usart_tx
                0x08000de0       0x20 ./Core/Src/USART_tx.o
                0x08000de0                usart_tx
 .text.flex_init
                0x08000e00       0x8c ./Core/Src/flex.o
                0x08000e00                flex_init
 .text.get_reading
                0x08000e8c       0x14 ./Core/Src/flex.o
                0x08000e8c                get_reading
 .text.set_fingers_v
                0x08000ea0       0x94 ./Core/Src/flex.o
                0x08000ea0                set_fingers_v
 *fill*         0x08000f34        0x4 
 .text.flex_calc
                0x08000f38       0xc4 ./Core/Src/flex.o
                0x08000f38                flex_calc
 .text.get_direction
                0x08000ffc       0x14 ./Core/Src/flex.o
                0x08000ffc                get_direction
 .text.get_gear
                0x08001010       0x14 ./Core/Src/flex.o
                0x08001010                get_gear
 .text.read_hand
                0x08001024      0x1a8 ./Core/Src/flex.o
                0x08001024                read_hand
 .text.vApplicationGetIdleTaskMemory
                0x080011cc       0x30 ./Core/Src/freertos.o
                0x080011cc                vApplicationGetIdleTaskMemory
 .text.sendData
                0x080011fc       0x30 ./Core/Src/main.o
                0x080011fc                sendData
 .text.ADC_Read
                0x0800122c       0x38 ./Core/Src/main.o
                0x0800122c                ADC_Read
 .text.update_screen
                0x08001264       0xe0 ./Core/Src/main.o
                0x08001264                update_screen
 .text.main     0x08001344       0x80 ./Core/Src/main.o
                0x08001344                main
 .text.SystemClock_Config
                0x080013c4       0x76 ./Core/Src/main.o
                0x080013c4                SystemClock_Config
 *fill*         0x0800143a        0x2 
 .text.MX_I2C1_Init
                0x0800143c       0x5c ./Core/Src/main.o
 .text.MX_GPIO_Init
                0x08001498       0x2c ./Core/Src/main.o
 .text.Error_Handler
                0x080014c4        0xc ./Core/Src/main.o
                0x080014c4                Error_Handler
 .text.ssd1306_Reset
                0x080014d0        0xc ./Core/Src/ssd1306.o
                0x080014d0                ssd1306_Reset
 .text.ssd1306_WriteCommand
                0x080014dc       0x30 ./Core/Src/ssd1306.o
                0x080014dc                ssd1306_WriteCommand
 .text.ssd1306_WriteData
                0x0800150c       0x34 ./Core/Src/ssd1306.o
                0x0800150c                ssd1306_WriteData
 .text.ssd1306_Init
                0x08001540       0xd4 ./Core/Src/ssd1306.o
                0x08001540                ssd1306_Init
 .text.ssd1306_Fill
                0x08001614       0x30 ./Core/Src/ssd1306.o
                0x08001614                ssd1306_Fill
 .text.ssd1306_UpdateScreen
                0x08001644       0x50 ./Core/Src/ssd1306.o
                0x08001644                ssd1306_UpdateScreen
 .text.ssd1306_DrawPixel
                0x08001694       0xa4 ./Core/Src/ssd1306.o
                0x08001694                ssd1306_DrawPixel
 .text.ssd1306_WriteChar
                0x08001738      0x120 ./Core/Src/ssd1306.o
                0x08001738                ssd1306_WriteChar
 .text.ssd1306_WriteString
                0x08001858       0x4c ./Core/Src/ssd1306.o
                0x08001858                ssd1306_WriteString
 .text.ssd1306_SetCursor
                0x080018a4       0x30 ./Core/Src/ssd1306.o
                0x080018a4                ssd1306_SetCursor
 .text.ssd1306_SetContrast
                0x080018d4       0x26 ./Core/Src/ssd1306.o
                0x080018d4                ssd1306_SetContrast
 *fill*         0x080018fa        0x2 
 .text.ssd1306_SetDisplayOn
                0x080018fc       0x3c ./Core/Src/ssd1306.o
                0x080018fc                ssd1306_SetDisplayOn
 .text.HAL_MspInit
                0x08001938       0x70 ./Core/Src/stm32f1xx_hal_msp.o
                0x08001938                HAL_MspInit
 .text.HAL_I2C_MspInit
                0x080019a8       0x7c ./Core/Src/stm32f1xx_hal_msp.o
                0x080019a8                HAL_I2C_MspInit
 .text.NMI_Handler
                0x08001a24        0x8 ./Core/Src/stm32f1xx_it.o
                0x08001a24                NMI_Handler
 .text.HardFault_Handler
                0x08001a2c        0x8 ./Core/Src/stm32f1xx_it.o
                0x08001a2c                HardFault_Handler
 .text.MemManage_Handler
                0x08001a34        0x8 ./Core/Src/stm32f1xx_it.o
                0x08001a34                MemManage_Handler
 .text.BusFault_Handler
                0x08001a3c        0x8 ./Core/Src/stm32f1xx_it.o
                0x08001a3c                BusFault_Handler
 .text.UsageFault_Handler
                0x08001a44        0x8 ./Core/Src/stm32f1xx_it.o
                0x08001a44                UsageFault_Handler
 .text.DebugMon_Handler
                0x08001a4c        0xc ./Core/Src/stm32f1xx_it.o
                0x08001a4c                DebugMon_Handler
 .text.SysTick_Handler
                0x08001a58       0x1a ./Core/Src/stm32f1xx_it.o
                0x08001a58                SysTick_Handler
 .text.SystemInit
                0x08001a72        0xc ./Core/Src/system_stm32f1xx.o
                0x08001a72                SystemInit
 *fill*         0x08001a7e        0x2 
 .text.Reset_Handler
                0x08001a80       0x48 ./Core/Startup/startup_stm32f103c8tx.o
                0x08001a80                Reset_Handler
 .text.Default_Handler
                0x08001ac8        0x2 ./Core/Startup/startup_stm32f103c8tx.o
                0x08001ac8                RTC_Alarm_IRQHandler
                0x08001ac8                EXTI2_IRQHandler
                0x08001ac8                TIM1_CC_IRQHandler
                0x08001ac8                PVD_IRQHandler
                0x08001ac8                EXTI3_IRQHandler
                0x08001ac8                EXTI0_IRQHandler
                0x08001ac8                I2C2_EV_IRQHandler
                0x08001ac8                ADC1_2_IRQHandler
                0x08001ac8                SPI1_IRQHandler
                0x08001ac8                TAMPER_IRQHandler
                0x08001ac8                DMA1_Channel4_IRQHandler
                0x08001ac8                USART3_IRQHandler
                0x08001ac8                RTC_IRQHandler
                0x08001ac8                DMA1_Channel7_IRQHandler
                0x08001ac8                CAN1_RX1_IRQHandler
                0x08001ac8                TIM4_IRQHandler
                0x08001ac8                I2C1_EV_IRQHandler
                0x08001ac8                DMA1_Channel6_IRQHandler
                0x08001ac8                TIM3_IRQHandler
                0x08001ac8                RCC_IRQHandler
                0x08001ac8                TIM1_TRG_COM_IRQHandler
                0x08001ac8                DMA1_Channel1_IRQHandler
                0x08001ac8                Default_Handler
                0x08001ac8                EXTI15_10_IRQHandler
                0x08001ac8                EXTI9_5_IRQHandler
                0x08001ac8                SPI2_IRQHandler
                0x08001ac8                DMA1_Channel5_IRQHandler
                0x08001ac8                EXTI4_IRQHandler
                0x08001ac8                USB_LP_CAN1_RX0_IRQHandler
                0x08001ac8                USB_HP_CAN1_TX_IRQHandler
                0x08001ac8                DMA1_Channel3_IRQHandler
                0x08001ac8                TIM1_UP_IRQHandler
                0x08001ac8                WWDG_IRQHandler
                0x08001ac8                TIM2_IRQHandler
                0x08001ac8                TIM1_BRK_IRQHandler
                0x08001ac8                EXTI1_IRQHandler
                0x08001ac8                USART2_IRQHandler
                0x08001ac8                I2C2_ER_IRQHandler
                0x08001ac8                DMA1_Channel2_IRQHandler
                0x08001ac8                CAN1_SCE_IRQHandler
                0x08001ac8                FLASH_IRQHandler
                0x08001ac8                I2C1_ER_IRQHandler
                0x08001ac8                USBWakeUp_IRQHandler
 *fill*         0x08001aca        0x2 
 .text.HAL_Init
                0x08001acc       0x2c ./Drivers/STM32F1xx_HAL_Driver/Src/stm32f1xx_hal.o
                0x08001acc                HAL_Init
 .text.HAL_InitTick
                0x08001af8       0x60 ./Drivers/STM32F1xx_HAL_Driver/Src/stm32f1xx_hal.o
                0x08001af8                HAL_InitTick
 .text.HAL_IncTick
                0x08001b58       0x24 ./Drivers/STM32F1xx_HAL_Driver/Src/stm32f1xx_hal.o
                0x08001b58                HAL_IncTick
 .text.HAL_GetTick
                0x08001b7c       0x14 ./Drivers/STM32F1xx_HAL_Driver/Src/stm32f1xx_hal.o
                0x08001b7c                HAL_GetTick
 .text.HAL_Delay
                0x08001b90       0x48 ./Drivers/STM32F1xx_HAL_Driver/Src/stm32f1xx_hal.o
                0x08001b90                HAL_Delay
 .text.__NVIC_SetPriorityGrouping
                0x08001bd8       0x48 ./Drivers/STM32F1xx_HAL_Driver/Src/stm32f1xx_hal_cortex.o
 .text.__NVIC_GetPriorityGrouping
                0x08001c20       0x1c ./Drivers/STM32F1xx_HAL_Driver/Src/stm32f1xx_hal_cortex.o
 .text.__NVIC_SetPriority
                0x08001c3c       0x54 ./Drivers/STM32F1xx_HAL_Driver/Src/stm32f1xx_hal_cortex.o
 .text.NVIC_EncodePriority
                0x08001c90       0x64 ./Drivers/STM32F1xx_HAL_Driver/Src/stm32f1xx_hal_cortex.o
 .text.SysTick_Config
                0x08001cf4       0x44 ./Drivers/STM32F1xx_HAL_Driver/Src/stm32f1xx_hal_cortex.o
 .text.HAL_NVIC_SetPriorityGrouping
                0x08001d38       0x16 ./Drivers/STM32F1xx_HAL_Driver/Src/stm32f1xx_hal_cortex.o
                0x08001d38                HAL_NVIC_SetPriorityGrouping
 .text.HAL_NVIC_SetPriority
                0x08001d4e       0x38 ./Drivers/STM32F1xx_HAL_Driver/Src/stm32f1xx_hal_cortex.o
                0x08001d4e                HAL_NVIC_SetPriority
 .text.HAL_SYSTICK_Config
                0x08001d86       0x18 ./Drivers/STM32F1xx_HAL_Driver/Src/stm32f1xx_hal_cortex.o
                0x08001d86                HAL_SYSTICK_Config
 *fill*         0x08001d9e        0x2 
 .text.HAL_GPIO_Init
                0x08001da0      0x308 ./Drivers/STM32F1xx_HAL_Driver/Src/stm32f1xx_hal_gpio.o
                0x08001da0                HAL_GPIO_Init
 .text.HAL_I2C_Init
                0x080020a8      0x288 ./Drivers/STM32F1xx_HAL_Driver/Src/stm32f1xx_hal_i2c.o
                0x080020a8                HAL_I2C_Init
 .text.HAL_I2C_Mem_Write
                0x08002330      0x1f4 ./Drivers/STM32F1xx_HAL_Driver/Src/stm32f1xx_hal_i2c.o
                0x08002330                HAL_I2C_Mem_Write
 .text.I2C_RequestMemoryWrite
                0x08002524      0x12c ./Drivers/STM32F1xx_HAL_Driver/Src/stm32f1xx_hal_i2c.o
 .text.I2C_WaitOnFlagUntilTimeout
                0x08002650       0xf4 ./Drivers/STM32F1xx_HAL_Driver/Src/stm32f1xx_hal_i2c.o
 .text.I2C_WaitOnMasterAddressFlagUntilTimeout
                0x08002744      0x140 ./Drivers/STM32F1xx_HAL_Driver/Src/stm32f1xx_hal_i2c.o
 .text.I2C_WaitOnTXEFlagUntilTimeout
                0x08002884       0x90 ./Drivers/STM32F1xx_HAL_Driver/Src/stm32f1xx_hal_i2c.o
 .text.I2C_WaitOnBTFFlagUntilTimeout
                0x08002914       0x90 ./Drivers/STM32F1xx_HAL_Driver/Src/stm32f1xx_hal_i2c.o
 .text.I2C_IsAcknowledgeFailed
                0x080029a4       0x5c ./Drivers/STM32F1xx_HAL_Driver/Src/stm32f1xx_hal_i2c.o
 .text.HAL_RCC_OscConfig
                0x08002a00      0x504 ./Drivers/STM32F1xx_HAL_Driver/Src/stm32f1xx_hal_rcc.o
                0x08002a00                HAL_RCC_OscConfig
 .text.HAL_RCC_ClockConfig
                0x08002f04      0x1d4 ./Drivers/STM32F1xx_HAL_Driver/Src/stm32f1xx_hal_rcc.o
                0x08002f04                HAL_RCC_ClockConfig
 .text.HAL_RCC_GetSysClockFreq
                0x080030d8       0xa8 ./Drivers/STM32F1xx_HAL_Driver/Src/stm32f1xx_hal_rcc.o
                0x080030d8                HAL_RCC_GetSysClockFreq
 .text.HAL_RCC_GetHCLKFreq
                0x08003180       0x14 ./Drivers/STM32F1xx_HAL_Driver/Src/stm32f1xx_hal_rcc.o
                0x08003180                HAL_RCC_GetHCLKFreq
 .text.HAL_RCC_GetPCLK1Freq
                0x08003194       0x28 ./Drivers/STM32F1xx_HAL_Driver/Src/stm32f1xx_hal_rcc.o
                0x08003194                HAL_RCC_GetPCLK1Freq
 .text.RCC_Delay
                0x080031bc       0x3c ./Drivers/STM32F1xx_HAL_Driver/Src/stm32f1xx_hal_rcc.o
 .text.vListInitialise
                0x080031f8       0x3e ./Middlewares/Third_Party/FreeRTOS/Source/list.o
                0x080031f8                vListInitialise
 .text.vListInitialiseItem
                0x08003236       0x18 ./Middlewares/Third_Party/FreeRTOS/Source/list.o
                0x08003236                vListInitialiseItem
 .text.vListInsertEnd
                0x0800324e       0x46 ./Middlewares/Third_Party/FreeRTOS/Source/list.o
                0x0800324e                vListInsertEnd
 .text.vListInsert
                0x08003294       0x70 ./Middlewares/Third_Party/FreeRTOS/Source/list.o
                0x08003294                vListInsert
 .text.uxListRemove
                0x08003304       0x52 ./Middlewares/Third_Party/FreeRTOS/Source/list.o
                0x08003304                uxListRemove
 .text.xTaskCreateStatic
                0x08003356       0xbe ./Middlewares/Third_Party/FreeRTOS/Source/tasks.o
                0x08003356                xTaskCreateStatic
 .text.xTaskCreate
                0x08003414       0x8a ./Middlewares/Third_Party/FreeRTOS/Source/tasks.o
                0x08003414                xTaskCreate
 .text.prvInitialiseNewTask
                0x0800349e      0x100 ./Middlewares/Third_Party/FreeRTOS/Source/tasks.o
 *fill*         0x0800359e        0x2 
 .text.prvAddNewTaskToReadyList
                0x080035a0       0xd4 ./Middlewares/Third_Party/FreeRTOS/Source/tasks.o
 .text.vTaskDelayUntil
                0x08003674      0x100 ./Middlewares/Third_Party/FreeRTOS/Source/tasks.o
                0x08003674                vTaskDelayUntil
 .text.vTaskStartScheduler
                0x08003774       0xc4 ./Middlewares/Third_Party/FreeRTOS/Source/tasks.o
                0x08003774                vTaskStartScheduler
 .text.vTaskSuspendAll
                0x08003838       0x1c ./Middlewares/Third_Party/FreeRTOS/Source/tasks.o
                0x08003838                vTaskSuspendAll
 .text.xTaskResumeAll
                0x08003854      0x13c ./Middlewares/Third_Party/FreeRTOS/Source/tasks.o
                0x08003854                xTaskResumeAll
 .text.xTaskGetTickCount
                0x08003990       0x1c ./Middlewares/Third_Party/FreeRTOS/Source/tasks.o
                0x08003990                xTaskGetTickCount
 .text.xTaskIncrementTick
                0x080039ac      0x17c ./Middlewares/Third_Party/FreeRTOS/Source/tasks.o
                0x080039ac                xTaskIncrementTick
 .text.vTaskSwitchContext
                0x08003b28       0xb8 ./Middlewares/Third_Party/FreeRTOS/Source/tasks.o
                0x08003b28                vTaskSwitchContext
 .text.prvIdleTask
                0x08003be0       0x30 ./Middlewares/Third_Party/FreeRTOS/Source/tasks.o
 .text.prvInitialiseTaskLists
                0x08003c10       0x80 ./Middlewares/Third_Party/FreeRTOS/Source/tasks.o
 .text.prvCheckTasksWaitingTermination
                0x08003c90       0x5c ./Middlewares/Third_Party/FreeRTOS/Source/tasks.o
 .text.prvDeleteTCB
                0x08003cec       0x60 ./Middlewares/Third_Party/FreeRTOS/Source/tasks.o
 .text.prvResetNextTaskUnblockTime
                0x08003d4c       0x48 ./Middlewares/Third_Party/FreeRTOS/Source/tasks.o
 .text.xTaskGetSchedulerState
                0x08003d94       0x3c ./Middlewares/Third_Party/FreeRTOS/Source/tasks.o
                0x08003d94                xTaskGetSchedulerState
 .text.prvAddCurrentTaskToDelayedList
                0x08003dd0       0xcc ./Middlewares/Third_Party/FreeRTOS/Source/tasks.o
 .text.pxPortInitialiseStack
                0x08003e9c       0x58 ./Middlewares/Third_Party/FreeRTOS/Source/portable/GCC/ARM_CM3/port.o
                0x08003e9c                pxPortInitialiseStack
 .text.prvTaskExitError
                0x08003ef4       0x58 ./Middlewares/Third_Party/FreeRTOS/Source/portable/GCC/ARM_CM3/port.o
 *fill*         0x08003f4c        0x4 
 .text.SVC_Handler
                0x08003f50       0x28 ./Middlewares/Third_Party/FreeRTOS/Source/portable/GCC/ARM_CM3/port.o
                0x08003f50                SVC_Handler
 .text.prvPortStartFirstTask
                0x08003f78       0x20 ./Middlewares/Third_Party/FreeRTOS/Source/portable/GCC/ARM_CM3/port.o
 .text.xPortStartScheduler
                0x08003f98       0xe4 ./Middlewares/Third_Party/FreeRTOS/Source/portable/GCC/ARM_CM3/port.o
                0x08003f98                xPortStartScheduler
 .text.vPortEnterCritical
                0x0800407c       0x60 ./Middlewares/Third_Party/FreeRTOS/Source/portable/GCC/ARM_CM3/port.o
                0x0800407c                vPortEnterCritical
 .text.vPortExitCritical
                0x080040dc       0x54 ./Middlewares/Third_Party/FreeRTOS/Source/portable/GCC/ARM_CM3/port.o
                0x080040dc                vPortExitCritical
 .text.PendSV_Handler
                0x08004130       0x48 ./Middlewares/Third_Party/FreeRTOS/Source/portable/GCC/ARM_CM3/port.o
                0x08004130                PendSV_Handler
 .text.xPortSysTickHandler
                0x08004178       0x44 ./Middlewares/Third_Party/FreeRTOS/Source/portable/GCC/ARM_CM3/port.o
                0x08004178                xPortSysTickHandler
 .text.vPortSetupTimerInterrupt
                0x080041bc       0x44 ./Middlewares/Third_Party/FreeRTOS/Source/portable/GCC/ARM_CM3/port.o
                0x080041bc                vPortSetupTimerInterrupt
 .text.pvPortMalloc
                0x08004200      0x190 ./Middlewares/Third_Party/FreeRTOS/Source/portable/MemMang/heap_4.o
                0x08004200                pvPortMalloc
 .text.vPortFree
                0x08004390       0xb8 ./Middlewares/Third_Party/FreeRTOS/Source/portable/MemMang/heap_4.o
                0x08004390                vPortFree
 .text.prvHeapInit
                0x08004448       0xc4 ./Middlewares/Third_Party/FreeRTOS/Source/portable/MemMang/heap_4.o
 .text.prvInsertBlockIntoFreeList
                0x0800450c       0xb0 ./Middlewares/Third_Party/FreeRTOS/Source/portable/MemMang/heap_4.o
 .text.memset   0x080045bc       0x10 C:/ST/STM32CubeIDE_1.14.1/STM32CubeIDE/plugins/com.st.stm32cube.ide.mcu.externaltools.gnu-tools-for-stm32.12.3.rel1.win32_1.0.100.202403111256/tools/bin/../lib/gcc/arm-none-eabi/12.3.1/../../../../arm-none-eabi/lib/thumb/v7-m/nofp\libc_nano.a(libc_a-memset.o)
                0x080045bc                memset
 .text.__libc_init_array
                0x080045cc       0x48 C:/ST/STM32CubeIDE_1.14.1/STM32CubeIDE/plugins/com.st.stm32cube.ide.mcu.externaltools.gnu-tools-for-stm32.12.3.rel1.win32_1.0.100.202403111256/tools/bin/../lib/gcc/arm-none-eabi/12.3.1/../../../../arm-none-eabi/lib/thumb/v7-m/nofp\libc_nano.a(libc_a-init.o)
                0x080045cc                __libc_init_array
 *(.glue_7)
 .glue_7        0x08004614        0x0 linker stubs
 *(.glue_7t)
 .glue_7t       0x08004614        0x0 linker stubs
 *(.eh_frame)
 .eh_frame      0x08004614        0x0 C:/ST/STM32CubeIDE_1.14.1/STM32CubeIDE/plugins/com.st.stm32cube.ide.mcu.externaltools.gnu-tools-for-stm32.12.3.rel1.win32_1.0.100.202403111256/tools/bin/../lib/gcc/arm-none-eabi/12.3.1/thumb/v7-m/nofp/crtbegin.o
 *(.init)
 .init          0x08004614        0x4 C:/ST/STM32CubeIDE_1.14.1/STM32CubeIDE/plugins/com.st.stm32cube.ide.mcu.externaltools.gnu-tools-for-stm32.12.3.rel1.win32_1.0.100.202403111256/tools/bin/../lib/gcc/arm-none-eabi/12.3.1/thumb/v7-m/nofp/crti.o
                0x08004614                _init
 .init          0x08004618        0x8 C:/ST/STM32CubeIDE_1.14.1/STM32CubeIDE/plugins/com.st.stm32cube.ide.mcu.externaltools.gnu-tools-for-stm32.12.3.rel1.win32_1.0.100.202403111256/tools/bin/../lib/gcc/arm-none-eabi/12.3.1/thumb/v7-m/nofp/crtn.o
 *(.fini)
 .fini          0x08004620        0x4 C:/ST/STM32CubeIDE_1.14.1/STM32CubeIDE/plugins/com.st.stm32cube.ide.mcu.externaltools.gnu-tools-for-stm32.12.3.rel1.win32_1.0.100.202403111256/tools/bin/../lib/gcc/arm-none-eabi/12.3.1/thumb/v7-m/nofp/crti.o
                0x08004620                _fini
 .fini          0x08004624        0x8 C:/ST/STM32CubeIDE_1.14.1/STM32CubeIDE/plugins/com.st.stm32cube.ide.mcu.externaltools.gnu-tools-for-stm32.12.3.rel1.win32_1.0.100.202403111256/tools/bin/../lib/gcc/arm-none-eabi/12.3.1/thumb/v7-m/nofp/crtn.o
                0x0800462c                        . = ALIGN (0x4)
                0x0800462c                        _etext = .

.vfp11_veneer   0x0800462c        0x0
 .vfp11_veneer  0x0800462c        0x0 linker stubs

.v4_bx          0x0800462c        0x0
 .v4_bx         0x0800462c        0x0 linker stubs

.iplt           0x0800462c        0x0
 .iplt          0x0800462c        0x0 C:/ST/STM32CubeIDE_1.14.1/STM32CubeIDE/plugins/com.st.stm32cube.ide.mcu.externaltools.gnu-tools-for-stm32.12.3.rel1.win32_1.0.100.202403111256/tools/bin/../lib/gcc/arm-none-eabi/12.3.1/thumb/v7-m/nofp/crtbegin.o

.rodata         0x0800462c      0xe00
                0x0800462c                        . = ALIGN (0x4)
 *(.rodata)
 .rodata        0x0800462c       0x62 ./Core/Src/main.o
 *fill*         0x0800468e        0x2 
 .rodata        0x08004690        0x5 ./Middlewares/Third_Party/FreeRTOS/Source/tasks.o
 *(.rodata*)
 *fill*         0x08004695        0x3 
 .rodata.Font11x18
                0x08004698      0xd5c ./Core/Src/ssd1306_fonts.o
 .rodata.Font_11x18
                0x080053f4        0xc ./Core/Src/ssd1306_fonts.o
                0x080053f4                Font_11x18
 .rodata.AHBPrescTable
                0x08005400       0x10 ./Core/Src/system_stm32f1xx.o
                0x08005400                AHBPrescTable
 .rodata.APBPrescTable
                0x08005410        0x8 ./Core/Src/system_stm32f1xx.o
                0x08005410                APBPrescTable
 .rodata.aPLLMULFactorTable.1
                0x08005418       0x10 ./Drivers/STM32F1xx_HAL_Driver/Src/stm32f1xx_hal_rcc.o
 .rodata.aPredivFactorTable.0
                0x08005428        0x2 ./Drivers/STM32F1xx_HAL_Driver/Src/stm32f1xx_hal_rcc.o
                0x0800542c                        . = ALIGN (0x4)
 *fill*         0x0800542a        0x2 

.ARM.extab      0x0800542c        0x0
                0x0800542c                        . = ALIGN (0x4)
 *(.ARM.extab* .gnu.linkonce.armextab.*)
                0x0800542c                        . = ALIGN (0x4)

.ARM            0x0800542c        0x0
                0x0800542c                        . = ALIGN (0x4)
                0x0800542c                        __exidx_start = .
 *(.ARM.exidx*)
                0x0800542c                        __exidx_end = .
                0x0800542c                        . = ALIGN (0x4)

.preinit_array  0x0800542c        0x0
                0x0800542c                        . = ALIGN (0x4)
                0x0800542c                        PROVIDE (__preinit_array_start = .)
 *(.preinit_array*)
                0x0800542c                        PROVIDE (__preinit_array_end = .)
                0x0800542c                        . = ALIGN (0x4)

.init_array     0x0800542c        0x4
                0x0800542c                        . = ALIGN (0x4)
                0x0800542c                        PROVIDE (__init_array_start = .)
 *(SORT_BY_NAME(.init_array.*))
 *(.init_array*)
 .init_array    0x0800542c        0x4 C:/ST/STM32CubeIDE_1.14.1/STM32CubeIDE/plugins/com.st.stm32cube.ide.mcu.externaltools.gnu-tools-for-stm32.12.3.rel1.win32_1.0.100.202403111256/tools/bin/../lib/gcc/arm-none-eabi/12.3.1/thumb/v7-m/nofp/crtbegin.o
                0x08005430                        PROVIDE (__init_array_end = .)
                0x08005430                        . = ALIGN (0x4)

.fini_array     0x08005430        0x4
                0x08005430                        . = ALIGN (0x4)
                [!provide]                        PROVIDE (__fini_array_start = .)
 *(SORT_BY_NAME(.fini_array.*))
 *(.fini_array*)
 .fini_array    0x08005430        0x4 C:/ST/STM32CubeIDE_1.14.1/STM32CubeIDE/plugins/com.st.stm32cube.ide.mcu.externaltools.gnu-tools-for-stm32.12.3.rel1.win32_1.0.100.202403111256/tools/bin/../lib/gcc/arm-none-eabi/12.3.1/thumb/v7-m/nofp/crtbegin.o
                [!provide]                        PROVIDE (__fini_array_end = .)
                0x08005434                        . = ALIGN (0x4)
                0x08005434                        _sidata = LOADADDR (.data)

.rel.dyn        0x08005434        0x0
 .rel.iplt      0x08005434        0x0 C:/ST/STM32CubeIDE_1.14.1/STM32CubeIDE/plugins/com.st.stm32cube.ide.mcu.externaltools.gnu-tools-for-stm32.12.3.rel1.win32_1.0.100.202403111256/tools/bin/../lib/gcc/arm-none-eabi/12.3.1/thumb/v7-m/nofp/crtbegin.o

.data           0x20000000       0x10 load address 0x08005434
                0x20000000                        . = ALIGN (0x4)
                0x20000000                        _sdata = .
 *(.data)
 *(.data*)
 .data.SystemCoreClock
                0x20000000        0x4 ./Core/Src/system_stm32f1xx.o
                0x20000000                SystemCoreClock
 .data.uwTickPrio
                0x20000004        0x4 ./Drivers/STM32F1xx_HAL_Driver/Src/stm32f1xx_hal.o
                0x20000004                uwTickPrio
 .data.uwTickFreq
                0x20000008        0x1 ./Drivers/STM32F1xx_HAL_Driver/Src/stm32f1xx_hal.o
                0x20000008                uwTickFreq
 *fill*         0x20000009        0x3 
 .data.uxCriticalNesting
                0x2000000c        0x4 ./Middlewares/Third_Party/FreeRTOS/Source/portable/GCC/ARM_CM3/port.o
 *(.RamFunc)
 *(.RamFunc*)
                0x20000010                        . = ALIGN (0x4)
                0x20000010                        _edata = .

.igot.plt       0x20000010        0x0 load address 0x08005444
 .igot.plt      0x20000010        0x0 C:/ST/STM32CubeIDE_1.14.1/STM32CubeIDE/plugins/com.st.stm32cube.ide.mcu.externaltools.gnu-tools-for-stm32.12.3.rel1.win32_1.0.100.202403111256/tools/bin/../lib/gcc/arm-none-eabi/12.3.1/thumb/v7-m/nofp/crtbegin.o
                0x20000010                        . = ALIGN (0x4)

.bss            0x20000010     0x1460 load address 0x08005444
                0x20000010                        _sbss = .
                0x20000010                        __bss_start__ = _sbss
 *(.bss)
 .bss           0x20000010       0x1c C:/ST/STM32CubeIDE_1.14.1/STM32CubeIDE/plugins/com.st.stm32cube.ide.mcu.externaltools.gnu-tools-for-stm32.12.3.rel1.win32_1.0.100.202403111256/tools/bin/../lib/gcc/arm-none-eabi/12.3.1/thumb/v7-m/nofp/crtbegin.o
 *(.bss*)
 .bss.data_tx   0x2000002c        0x1 ./Core/Src/USART_tx.o
                0x2000002c                data_tx
 *fill*         0x2000002d        0x3 
 .bss.fingers_v
                0x20000030       0x14 ./Core/Src/flex.o
                0x20000030                fingers_v
 .bss.fingers_r
                0x20000044       0x14 ./Core/Src/flex.o
                0x20000044                fingers_r
 .bss.fingers_position
                0x20000058       0x14 ./Core/Src/flex.o
                0x20000058                fingers_position
 .bss.reading   0x2000006c        0x1 ./Core/Src/flex.o
                0x2000006c                reading
 .bss.direction
                0x2000006d        0x1 ./Core/Src/flex.o
                0x2000006d                direction
 .bss.gear      0x2000006e        0x1 ./Core/Src/flex.o
                0x2000006e                gear
 .bss.channel   0x2000006f        0x1 ./Core/Src/flex.o
                0x2000006f                channel
 .bss.xIdleTaskTCBBuffer
                0x20000070       0x54 ./Core/Src/freertos.o
 .bss.xIdleStack
                0x200000c4      0x200 ./Core/Src/freertos.o
 .bss.hi2c1     0x200002c4       0x54 ./Core/Src/main.o
                0x200002c4                hi2c1
 .bss.SSD1306_Buffer
                0x20000318      0x400 ./Core/Src/ssd1306.o
 .bss.SSD1306   0x20000718        0x6 ./Core/Src/ssd1306.o
 *fill*         0x2000071e        0x2 
 .bss.uwTick    0x20000720        0x4 ./Drivers/STM32F1xx_HAL_Driver/Src/stm32f1xx_hal.o
                0x20000720                uwTick
 .bss.pxCurrentTCB
                0x20000724        0x4 ./Middlewares/Third_Party/FreeRTOS/Source/tasks.o
                0x20000724                pxCurrentTCB
 .bss.pxReadyTasksLists
                0x20000728       0x8c ./Middlewares/Third_Party/FreeRTOS/Source/tasks.o
 .bss.xDelayedTaskList1
                0x200007b4       0x14 ./Middlewares/Third_Party/FreeRTOS/Source/tasks.o
 .bss.xDelayedTaskList2
                0x200007c8       0x14 ./Middlewares/Third_Party/FreeRTOS/Source/tasks.o
 .bss.pxDelayedTaskList
                0x200007dc        0x4 ./Middlewares/Third_Party/FreeRTOS/Source/tasks.o
 .bss.pxOverflowDelayedTaskList
                0x200007e0        0x4 ./Middlewares/Third_Party/FreeRTOS/Source/tasks.o
 .bss.xPendingReadyList
                0x200007e4       0x14 ./Middlewares/Third_Party/FreeRTOS/Source/tasks.o
 .bss.xTasksWaitingTermination
                0x200007f8       0x14 ./Middlewares/Third_Party/FreeRTOS/Source/tasks.o
 .bss.uxDeletedTasksWaitingCleanUp
                0x2000080c        0x4 ./Middlewares/Third_Party/FreeRTOS/Source/tasks.o
 .bss.xSuspendedTaskList
                0x20000810       0x14 ./Middlewares/Third_Party/FreeRTOS/Source/tasks.o
 .bss.uxCurrentNumberOfTasks
                0x20000824        0x4 ./Middlewares/Third_Party/FreeRTOS/Source/tasks.o
 .bss.xTickCount
                0x20000828        0x4 ./Middlewares/Third_Party/FreeRTOS/Source/tasks.o
 .bss.uxTopReadyPriority
                0x2000082c        0x4 ./Middlewares/Third_Party/FreeRTOS/Source/tasks.o
 .bss.xSchedulerRunning
                0x20000830        0x4 ./Middlewares/Third_Party/FreeRTOS/Source/tasks.o
 .bss.uxPendedTicks
                0x20000834        0x4 ./Middlewares/Third_Party/FreeRTOS/Source/tasks.o
 .bss.xYieldPending
                0x20000838        0x4 ./Middlewares/Third_Party/FreeRTOS/Source/tasks.o
 .bss.xNumOfOverflows
                0x2000083c        0x4 ./Middlewares/Third_Party/FreeRTOS/Source/tasks.o
 .bss.uxTaskNumber
                0x20000840        0x4 ./Middlewares/Third_Party/FreeRTOS/Source/tasks.o
 .bss.xNextTaskUnblockTime
                0x20000844        0x4 ./Middlewares/Third_Party/FreeRTOS/Source/tasks.o
 .bss.xIdleTaskHandle
                0x20000848        0x4 ./Middlewares/Third_Party/FreeRTOS/Source/tasks.o
 .bss.uxSchedulerSuspended
                0x2000084c        0x4 ./Middlewares/Third_Party/FreeRTOS/Source/tasks.o
 .bss.ucMaxSysCallPriority
                0x20000850        0x1 ./Middlewares/Third_Party/FreeRTOS/Source/portable/GCC/ARM_CM3/port.o
 *fill*         0x20000851        0x3 
 .bss.ulMaxPRIGROUPValue
                0x20000854        0x4 ./Middlewares/Third_Party/FreeRTOS/Source/portable/GCC/ARM_CM3/port.o
 .bss.ucHeap    0x20000858      0xc00 ./Middlewares/Third_Party/FreeRTOS/Source/portable/MemMang/heap_4.o
 .bss.xStart    0x20001458        0x8 ./Middlewares/Third_Party/FreeRTOS/Source/portable/MemMang/heap_4.o
 .bss.pxEnd     0x20001460        0x4 ./Middlewares/Third_Party/FreeRTOS/Source/portable/MemMang/heap_4.o
 .bss.xFreeBytesRemaining
                0x20001464        0x4 ./Middlewares/Third_Party/FreeRTOS/Source/portable/MemMang/heap_4.o
 .bss.xMinimumEverFreeBytesRemaining
                0x20001468        0x4 ./Middlewares/Third_Party/FreeRTOS/Source/portable/MemMang/heap_4.o
 .bss.xBlockAllocatedBit
                0x2000146c        0x4 ./Middlewares/Third_Party/FreeRTOS/Source/portable/MemMang/heap_4.o
 *(COMMON)
                0x20001470                        . = ALIGN (0x4)
                0x20001470                        _ebss = .
                0x20001470                        __bss_end__ = _ebss

._user_heap_stack
                0x20001470      0x600 load address 0x08005444
                0x20001470                        . = ALIGN (0x8)
                [!provide]                        PROVIDE (end = .)
                0x20001470                        PROVIDE (_end = .)
                0x20001670                        . = (. + _Min_Heap_Size)
 *fill*         0x20001470      0x200 
                0x20001a70                        . = (. + _Min_Stack_Size)
 *fill*         0x20001670      0x400 
                0x20001a70                        . = ALIGN (0x8)

/DISCARD/
 libc.a(*)
 libm.a(*)
 libgcc.a(*)

.ARM.attributes
                0x00000000       0x29
 *(.ARM.attributes)
 .ARM.attributes
                0x00000000       0x1d C:/ST/STM32CubeIDE_1.14.1/STM32CubeIDE/plugins/com.st.stm32cube.ide.mcu.externaltools.gnu-tools-for-stm32.12.3.rel1.win32_1.0.100.202403111256/tools/bin/../lib/gcc/arm-none-eabi/12.3.1/thumb/v7-m/nofp/crti.o
 .ARM.attributes
                0x0000001d       0x2d C:/ST/STM32CubeIDE_1.14.1/STM32CubeIDE/plugins/com.st.stm32cube.ide.mcu.externaltools.gnu-tools-for-stm32.12.3.rel1.win32_1.0.100.202403111256/tools/bin/../lib/gcc/arm-none-eabi/12.3.1/thumb/v7-m/nofp/crtbegin.o
 .ARM.attributes
                0x0000004a       0x2d ./Core/Src/USART_tx.o
 .ARM.attributes
                0x00000077       0x2d ./Core/Src/flex.o
 .ARM.attributes
                0x000000a4       0x2d ./Core/Src/freertos.o
 .ARM.attributes
                0x000000d1       0x2d ./Core/Src/main.o
 .ARM.attributes
                0x000000fe       0x2d ./Core/Src/ssd1306.o
 .ARM.attributes
                0x0000012b       0x2d ./Core/Src/ssd1306_fonts.o
 .ARM.attributes
                0x00000158       0x2d ./Core/Src/stm32f1xx_hal_msp.o
 .ARM.attributes
                0x00000185       0x2d ./Core/Src/stm32f1xx_it.o
 .ARM.attributes
                0x000001b2       0x2d ./Core/Src/system_stm32f1xx.o
 .ARM.attributes
                0x000001df       0x21 ./Core/Startup/startup_stm32f103c8tx.o
 .ARM.attributes
                0x00000200       0x2d ./Drivers/STM32F1xx_HAL_Driver/Src/stm32f1xx_hal.o
 .ARM.attributes
                0x0000022d       0x2d ./Drivers/STM32F1xx_HAL_Driver/Src/stm32f1xx_hal_cortex.o
 .ARM.attributes
                0x0000025a       0x2d ./Drivers/STM32F1xx_HAL_Driver/Src/stm32f1xx_hal_gpio.o
 .ARM.attributes
                0x00000287       0x2d ./Drivers/STM32F1xx_HAL_Driver/Src/stm32f1xx_hal_i2c.o
 .ARM.attributes
                0x000002b4       0x2d ./Drivers/STM32F1xx_HAL_Driver/Src/stm32f1xx_hal_rcc.o
 .ARM.attributes
                0x000002e1       0x2d ./Middlewares/Third_Party/FreeRTOS/Source/list.o
 .ARM.attributes
                0x0000030e       0x2d ./Middlewares/Third_Party/FreeRTOS/Source/tasks.o
 .ARM.attributes
                0x0000033b       0x2d ./Middlewares/Third_Party/FreeRTOS/Source/portable/GCC/ARM_CM3/port.o
 .ARM.attributes
                0x00000368       0x2d ./Middlewares/Third_Party/FreeRTOS/Source/portable/MemMang/heap_4.o
 .ARM.attributes
                0x00000395       0x2d C:/ST/STM32CubeIDE_1.14.1/STM32CubeIDE/plugins/com.st.stm32cube.ide.mcu.externaltools.gnu-tools-for-stm32.12.3.rel1.win32_1.0.100.202403111256/tools/bin/../lib/gcc/arm-none-eabi/12.3.1/../../../../arm-none-eabi/lib/thumb/v7-m/nofp\libc_nano.a(libc_a-memset.o)
 .ARM.attributes
                0x000003c2       0x2d C:/ST/STM32CubeIDE_1.14.1/STM32CubeIDE/plugins/com.st.stm32cube.ide.mcu.externaltools.gnu-tools-for-stm32.12.3.rel1.win32_1.0.100.202403111256/tools/bin/../lib/gcc/arm-none-eabi/12.3.1/../../../../arm-none-eabi/lib/thumb/v7-m/nofp\libc_nano.a(libc_a-init.o)
 .ARM.attributes
                0x000003ef       0x1d C:/ST/STM32CubeIDE_1.14.1/STM32CubeIDE/plugins/com.st.stm32cube.ide.mcu.externaltools.gnu-tools-for-stm32.12.3.rel1.win32_1.0.100.202403111256/tools/bin/../lib/gcc/arm-none-eabi/12.3.1/thumb/v7-m/nofp\libgcc.a(_arm_addsubdf3.o)
 .ARM.attributes
                0x0000040c       0x1d C:/ST/STM32CubeIDE_1.14.1/STM32CubeIDE/plugins/com.st.stm32cube.ide.mcu.externaltools.gnu-tools-for-stm32.12.3.rel1.win32_1.0.100.202403111256/tools/bin/../lib/gcc/arm-none-eabi/12.3.1/thumb/v7-m/nofp\libgcc.a(_arm_muldivdf3.o)
 .ARM.attributes
                0x00000429       0x1d C:/ST/STM32CubeIDE_1.14.1/STM32CubeIDE/plugins/com.st.stm32cube.ide.mcu.externaltools.gnu-tools-for-stm32.12.3.rel1.win32_1.0.100.202403111256/tools/bin/../lib/gcc/arm-none-eabi/12.3.1/thumb/v7-m/nofp\libgcc.a(_arm_truncdfsf2.o)
 .ARM.attributes
                0x00000446       0x1d C:/ST/STM32CubeIDE_1.14.1/STM32CubeIDE/plugins/com.st.stm32cube.ide.mcu.externaltools.gnu-tools-for-stm32.12.3.rel1.win32_1.0.100.202403111256/tools/bin/../lib/gcc/arm-none-eabi/12.3.1/thumb/v7-m/nofp\libgcc.a(_arm_muldivsf3.o)
 .ARM.attributes
                0x00000463       0x1d C:/ST/STM32CubeIDE_1.14.1/STM32CubeIDE/plugins/com.st.stm32cube.ide.mcu.externaltools.gnu-tools-for-stm32.12.3.rel1.win32_1.0.100.202403111256/tools/bin/../lib/gcc/arm-none-eabi/12.3.1/thumb/v7-m/nofp\libgcc.a(_arm_cmpsf2.o)
 .ARM.attributes
                0x00000480       0x1d C:/ST/STM32CubeIDE_1.14.1/STM32CubeIDE/plugins/com.st.stm32cube.ide.mcu.externaltools.gnu-tools-for-stm32.12.3.rel1.win32_1.0.100.202403111256/tools/bin/../lib/gcc/arm-none-eabi/12.3.1/thumb/v7-m/nofp/crtn.o
OUTPUT(Glove_module.elf elf32-littlearm)
LOAD linker stubs
LOAD C:/ST/STM32CubeIDE_1.14.1/STM32CubeIDE/plugins/com.st.stm32cube.ide.mcu.externaltools.gnu-tools-for-stm32.12.3.rel1.win32_1.0.100.202403111256/tools/bin/../lib/gcc/arm-none-eabi/12.3.1/../../../../arm-none-eabi/lib/thumb/v7-m/nofp\libc.a
LOAD C:/ST/STM32CubeIDE_1.14.1/STM32CubeIDE/plugins/com.st.stm32cube.ide.mcu.externaltools.gnu-tools-for-stm32.12.3.rel1.win32_1.0.100.202403111256/tools/bin/../lib/gcc/arm-none-eabi/12.3.1/../../../../arm-none-eabi/lib/thumb/v7-m/nofp\libm.a
LOAD C:/ST/STM32CubeIDE_1.14.1/STM32CubeIDE/plugins/com.st.stm32cube.ide.mcu.externaltools.gnu-tools-for-stm32.12.3.rel1.win32_1.0.100.202403111256/tools/bin/../lib/gcc/arm-none-eabi/12.3.1/thumb/v7-m/nofp\libgcc.a

.debug_info     0x00000000     0xa5ef
 .debug_info    0x00000000      0x55c ./Core/Src/USART_tx.o
 .debug_info    0x0000055c      0x3cb ./Core/Src/flex.o
 .debug_info    0x00000927      0x279 ./Core/Src/freertos.o
 .debug_info    0x00000ba0      0xcab ./Core/Src/main.o
 .debug_info    0x0000184b     0x122b ./Core/Src/ssd1306.o
 .debug_info    0x00002a76      0x2a4 ./Core/Src/ssd1306_fonts.o
 .debug_info    0x00002d1a      0x9b7 ./Core/Src/stm32f1xx_hal_msp.o
 .debug_info    0x000036d1      0x11b ./Core/Src/stm32f1xx_it.o
 .debug_info    0x000037ec      0x222 ./Core/Src/system_stm32f1xx.o
 .debug_info    0x00003a0e       0x30 ./Core/Startup/startup_stm32f103c8tx.o
 .debug_info    0x00003a3e      0x704 ./Drivers/STM32F1xx_HAL_Driver/Src/stm32f1xx_hal.o
 .debug_info    0x00004142      0xa87 ./Drivers/STM32F1xx_HAL_Driver/Src/stm32f1xx_hal_cortex.o
 .debug_info    0x00004bc9      0x5ab ./Drivers/STM32F1xx_HAL_Driver/Src/stm32f1xx_hal_gpio.o
 .debug_info    0x00005174     0x2515 ./Drivers/STM32F1xx_HAL_Driver/Src/stm32f1xx_hal_i2c.o
 .debug_info    0x00007689      0x7d5 ./Drivers/STM32F1xx_HAL_Driver/Src/stm32f1xx_hal_rcc.o
 .debug_info    0x00007e5e      0x2aa ./Middlewares/Third_Party/FreeRTOS/Source/list.o
 .debug_info    0x00008108     0x1c90 ./Middlewares/Third_Party/FreeRTOS/Source/tasks.o
 .debug_info    0x00009d98      0x494 ./Middlewares/Third_Party/FreeRTOS/Source/portable/GCC/ARM_CM3/port.o
 .debug_info    0x0000a22c      0x3c3 ./Middlewares/Third_Party/FreeRTOS/Source/portable/MemMang/heap_4.o

.debug_abbrev   0x00000000     0x23a3
 .debug_abbrev  0x00000000      0x1b9 ./Core/Src/USART_tx.o
 .debug_abbrev  0x000001b9      0x16b ./Core/Src/flex.o
 .debug_abbrev  0x00000324       0xd2 ./Core/Src/freertos.o
 .debug_abbrev  0x000003f6      0x2dd ./Core/Src/main.o
 .debug_abbrev  0x000006d3      0x371 ./Core/Src/ssd1306.o
 .debug_abbrev  0x00000a44       0xcf ./Core/Src/ssd1306_fonts.o
 .debug_abbrev  0x00000b13      0x1c0 ./Core/Src/stm32f1xx_hal_msp.o
 .debug_abbrev  0x00000cd3       0xaa ./Core/Src/stm32f1xx_it.o
 .debug_abbrev  0x00000d7d      0x13f ./Core/Src/system_stm32f1xx.o
 .debug_abbrev  0x00000ebc       0x24 ./Core/Startup/startup_stm32f103c8tx.o
 .debug_abbrev  0x00000ee0      0x201 ./Drivers/STM32F1xx_HAL_Driver/Src/stm32f1xx_hal.o
 .debug_abbrev  0x000010e1      0x2f8 ./Drivers/STM32F1xx_HAL_Driver/Src/stm32f1xx_hal_cortex.o
 .debug_abbrev  0x000013d9      0x1ca ./Drivers/STM32F1xx_HAL_Driver/Src/stm32f1xx_hal_gpio.o
 .debug_abbrev  0x000015a3      0x2a3 ./Drivers/STM32F1xx_HAL_Driver/Src/stm32f1xx_hal_i2c.o
 .debug_abbrev  0x00001846      0x2b3 ./Drivers/STM32F1xx_HAL_Driver/Src/stm32f1xx_hal_rcc.o
 .debug_abbrev  0x00001af9       0xf5 ./Middlewares/Third_Party/FreeRTOS/Source/list.o
 .debug_abbrev  0x00001bee      0x358 ./Middlewares/Third_Party/FreeRTOS/Source/tasks.o
 .debug_abbrev  0x00001f46      0x258 ./Middlewares/Third_Party/FreeRTOS/Source/portable/GCC/ARM_CM3/port.o
 .debug_abbrev  0x0000219e      0x205 ./Middlewares/Third_Party/FreeRTOS/Source/portable/MemMang/heap_4.o

.debug_aranges  0x00000000      0xaf8
 .debug_aranges
                0x00000000       0x38 ./Core/Src/USART_tx.o
 .debug_aranges
                0x00000038       0x50 ./Core/Src/flex.o
 .debug_aranges
                0x00000088       0x20 ./Core/Src/freertos.o
 .debug_aranges
                0x000000a8       0x58 ./Core/Src/main.o
 .debug_aranges
                0x00000100       0xe8 ./Core/Src/ssd1306.o
 .debug_aranges
                0x000001e8       0x18 ./Core/Src/ssd1306_fonts.o
 .debug_aranges
                0x00000200       0x30 ./Core/Src/stm32f1xx_hal_msp.o
 .debug_aranges
                0x00000230       0x50 ./Core/Src/stm32f1xx_it.o
 .debug_aranges
                0x00000280       0x28 ./Core/Src/system_stm32f1xx.o
 .debug_aranges
                0x000002a8       0x28 ./Core/Startup/startup_stm32f103c8tx.o
 .debug_aranges
                0x000002d0       0xe0 ./Drivers/STM32F1xx_HAL_Driver/Src/stm32f1xx_hal.o
 .debug_aranges
                0x000003b0      0x100 ./Drivers/STM32F1xx_HAL_Driver/Src/stm32f1xx_hal_cortex.o
 .debug_aranges
                0x000004b0       0x58 ./Drivers/STM32F1xx_HAL_Driver/Src/stm32f1xx_hal_gpio.o
 .debug_aranges
                0x00000508      0x2a8 ./Drivers/STM32F1xx_HAL_Driver/Src/stm32f1xx_hal_i2c.o
 .debug_aranges
                0x000007b0       0x90 ./Drivers/STM32F1xx_HAL_Driver/Src/stm32f1xx_hal_rcc.o
 .debug_aranges
                0x00000840       0x40 ./Middlewares/Third_Party/FreeRTOS/Source/list.o
 .debug_aranges
                0x00000880      0x1b0 ./Middlewares/Third_Party/FreeRTOS/Source/tasks.o
 .debug_aranges
                0x00000a30       0x78 ./Middlewares/Third_Party/FreeRTOS/Source/portable/GCC/ARM_CM3/port.o
 .debug_aranges
                0x00000aa8       0x50 ./Middlewares/Third_Party/FreeRTOS/Source/portable/MemMang/heap_4.o

.debug_rnglists
                0x00000000      0x84b
 .debug_rnglists
                0x00000000       0x25 ./Core/Src/USART_tx.o
 .debug_rnglists
                0x00000025       0x3b ./Core/Src/flex.o
 .debug_rnglists
                0x00000060       0x13 ./Core/Src/freertos.o
 .debug_rnglists
                0x00000073       0x3f ./Core/Src/main.o
 .debug_rnglists
                0x000000b2       0xb4 ./Core/Src/ssd1306.o
 .debug_rnglists
                0x00000166       0x1f ./Core/Src/stm32f1xx_hal_msp.o
 .debug_rnglists
                0x00000185       0x37 ./Core/Src/stm32f1xx_it.o
 .debug_rnglists
                0x000001bc       0x1a ./Core/Src/system_stm32f1xx.o
 .debug_rnglists
                0x000001d6       0x19 ./Core/Startup/startup_stm32f103c8tx.o
 .debug_rnglists
                0x000001ef       0xa3 ./Drivers/STM32F1xx_HAL_Driver/Src/stm32f1xx_hal.o
 .debug_rnglists
                0x00000292       0xbb ./Drivers/STM32F1xx_HAL_Driver/Src/stm32f1xx_hal_cortex.o
 .debug_rnglists
                0x0000034d       0x3f ./Drivers/STM32F1xx_HAL_Driver/Src/stm32f1xx_hal_gpio.o
 .debug_rnglists
                0x0000038c      0x23c ./Drivers/STM32F1xx_HAL_Driver/Src/stm32f1xx_hal_i2c.o
 .debug_rnglists
                0x000005c8       0x6c ./Drivers/STM32F1xx_HAL_Driver/Src/stm32f1xx_hal_rcc.o
 .debug_rnglists
                0x00000634       0x2b ./Middlewares/Third_Party/FreeRTOS/Source/list.o
 .debug_rnglists
                0x0000065f      0x15a ./Middlewares/Third_Party/FreeRTOS/Source/tasks.o
 .debug_rnglists
                0x000007b9       0x57 ./Middlewares/Third_Party/FreeRTOS/Source/portable/GCC/ARM_CM3/port.o
 .debug_rnglists
                0x00000810       0x3b ./Middlewares/Third_Party/FreeRTOS/Source/portable/MemMang/heap_4.o

.debug_macro    0x00000000    0x1835a
 .debug_macro   0x00000000       0xb7 ./Core/Src/USART_tx.o
 .debug_macro   0x000000b7      0xaa8 ./Core/Src/USART_tx.o
 .debug_macro   0x00000b5f       0x22 ./Core/Src/USART_tx.o
 .debug_macro   0x00000b81       0x8e ./Core/Src/USART_tx.o
 .debug_macro   0x00000c0f       0x51 ./Core/Src/USART_tx.o
 .debug_macro   0x00000c60      0x103 ./Core/Src/USART_tx.o
 .debug_macro   0x00000d63       0x6a ./Core/Src/USART_tx.o
 .debug_macro   0x00000dcd      0x1df ./Core/Src/USART_tx.o
 .debug_macro   0x00000fac       0x22 ./Core/Src/USART_tx.o
 .debug_macro   0x00000fce       0x1c ./Core/Src/USART_tx.o
 .debug_macro   0x00000fea       0x22 ./Core/Src/USART_tx.o
 .debug_macro   0x0000100c       0xbd ./Core/Src/USART_tx.o
 .debug_macro   0x000010c9      0xd23 ./Core/Src/USART_tx.o
 .debug_macro   0x00001dec     0xe09e ./Core/Src/USART_tx.o
 .debug_macro   0x0000fe8a      0x134 ./Core/Src/flex.o
 .debug_macro   0x0000ffbe      0x189 ./Core/Src/flex.o
 .debug_macro   0x00010147       0xd0 ./Core/Src/flex.o
 .debug_macro   0x00010217      0x15a ./Core/Src/flex.o
 .debug_macro   0x00010371       0xd7 ./Core/Src/flex.o
 .debug_macro   0x00010448       0x10 ./Core/Src/flex.o
 .debug_macro   0x00010458       0x1f ./Core/Src/flex.o
 .debug_macro   0x00010477      0x4b7 ./Core/Src/flex.o
 .debug_macro   0x0001092e       0xb5 ./Core/Src/flex.o
 .debug_macro   0x000109e3       0x8c ./Core/Src/flex.o
 .debug_macro   0x00010a6f      0x200 ./Core/Src/freertos.o
 .debug_macro   0x00010c6f      0x215 ./Core/Src/freertos.o
 .debug_macro   0x00010e84       0x2e ./Core/Src/freertos.o
 .debug_macro   0x00010eb2       0x6d ./Core/Src/freertos.o
 .debug_macro   0x00010f1f     0x348d ./Core/Src/freertos.o
 .debug_macro   0x000143ac       0x5c ./Core/Src/freertos.o
 .debug_macro   0x00014408      0x5bc ./Core/Src/freertos.o
 .debug_macro   0x000149c4      0x289 ./Core/Src/freertos.o
 .debug_macro   0x00014c4d      0x1cb ./Core/Src/freertos.o
 .debug_macro   0x00014e18      0x114 ./Core/Src/freertos.o
 .debug_macro   0x00014f2c      0x1b2 ./Core/Src/freertos.o
 .debug_macro   0x000150de       0x27 ./Core/Src/freertos.o
 .debug_macro   0x00015105      0x136 ./Core/Src/freertos.o
 .debug_macro   0x0001523b      0x1bc ./Core/Src/freertos.o
 .debug_macro   0x000153f7       0x34 ./Core/Src/freertos.o
 .debug_macro   0x0001542b       0x3c ./Core/Src/freertos.o
 .debug_macro   0x00015467       0x57 ./Core/Src/freertos.o
 .debug_macro   0x000154be       0x87 ./Core/Src/freertos.o
 .debug_macro   0x00015545      0x240 ./Core/Src/freertos.o
 .debug_macro   0x00015785      0x287 ./Core/Src/freertos.o
 .debug_macro   0x00015a0c      0x140 ./Core/Src/freertos.o
 .debug_macro   0x00015b4c       0x83 ./Core/Src/freertos.o
 .debug_macro   0x00015bcf      0x272 ./Core/Src/main.o
 .debug_macro   0x00015e41       0xd0 ./Core/Src/main.o
 .debug_macro   0x00015f11       0x61 ./Core/Src/main.o
 .debug_macro   0x00015f72       0x24 ./Core/Src/main.o
 .debug_macro   0x00015f96       0x43 ./Core/Src/main.o
 .debug_macro   0x00015fd9       0x34 ./Core/Src/main.o
 .debug_macro   0x0001600d       0x46 ./Core/Src/main.o
 .debug_macro   0x00016053       0x4c ./Core/Src/main.o
 .debug_macro   0x0001609f      0x2b9 ./Core/Src/ssd1306.o
 .debug_macro   0x00016358       0x28 ./Core/Src/ssd1306.o
 .debug_macro   0x00016380       0x16 ./Core/Src/ssd1306.o
 .debug_macro   0x00016396       0x43 ./Core/Src/ssd1306.o
 .debug_macro   0x000163d9       0x34 ./Core/Src/ssd1306.o
 .debug_macro   0x0001640d       0x10 ./Core/Src/ssd1306.o
 .debug_macro   0x0001641d       0x58 ./Core/Src/ssd1306.o
 .debug_macro   0x00016475       0x8e ./Core/Src/ssd1306.o
 .debug_macro   0x00016503       0x1c ./Core/Src/ssd1306.o
 .debug_macro   0x0001651f      0x177 ./Core/Src/ssd1306.o
 .debug_macro   0x00016696      0x369 ./Core/Src/ssd1306.o
 .debug_macro   0x000169ff      0x19b ./Core/Src/ssd1306.o
 .debug_macro   0x00016b9a       0x16 ./Core/Src/ssd1306.o
 .debug_macro   0x00016bb0       0x35 ./Core/Src/ssd1306.o
 .debug_macro   0x00016be5       0x16 ./Core/Src/ssd1306.o
 .debug_macro   0x00016bfb       0x29 ./Core/Src/ssd1306.o
 .debug_macro   0x00016c24       0x16 ./Core/Src/ssd1306.o
 .debug_macro   0x00016c3a       0x20 ./Core/Src/ssd1306.o
 .debug_macro   0x00016c5a      0x1e4 ./Core/Src/ssd1306_fonts.o
 .debug_macro   0x00016e3e      0x198 ./Core/Src/stm32f1xx_hal_msp.o
 .debug_macro   0x00016fd6      0x20a ./Core/Src/stm32f1xx_it.o
 .debug_macro   0x000171e0      0x18e ./Core/Src/system_stm32f1xx.o
 .debug_macro   0x0001736e      0x1b2 ./Drivers/STM32F1xx_HAL_Driver/Src/stm32f1xx_hal.o
 .debug_macro   0x00017520      0x18e ./Drivers/STM32F1xx_HAL_Driver/Src/stm32f1xx_hal_cortex.o
 .debug_macro   0x000176ae      0x1f9 ./Drivers/STM32F1xx_HAL_Driver/Src/stm32f1xx_hal_gpio.o
 .debug_macro   0x000178a7      0x1dc ./Drivers/STM32F1xx_HAL_Driver/Src/stm32f1xx_hal_i2c.o
 .debug_macro   0x00017a83      0x1a0 ./Drivers/STM32F1xx_HAL_Driver/Src/stm32f1xx_hal_rcc.o
 .debug_macro   0x00017c23      0x187 ./Middlewares/Third_Party/FreeRTOS/Source/list.o
 .debug_macro   0x00017daa      0x280 ./Middlewares/Third_Party/FreeRTOS/Source/tasks.o
 .debug_macro   0x0001802a       0x10 ./Middlewares/Third_Party/FreeRTOS/Source/tasks.o
 .debug_macro   0x0001803a      0x172 ./Middlewares/Third_Party/FreeRTOS/Source/portable/GCC/ARM_CM3/port.o
 .debug_macro   0x000181ac      0x1ae ./Middlewares/Third_Party/FreeRTOS/Source/portable/MemMang/heap_4.o

.debug_line     0x00000000     0xebcd
 .debug_line    0x00000000      0x588 ./Core/Src/USART_tx.o
 .debug_line    0x00000588      0x7f3 ./Core/Src/flex.o
 .debug_line    0x00000d7b      0x7d0 ./Core/Src/freertos.o
 .debug_line    0x0000154b      0xb05 ./Core/Src/main.o
 .debug_line    0x00002050     0x110e ./Core/Src/ssd1306.o
 .debug_line    0x0000315e      0x7cb ./Core/Src/ssd1306_fonts.o
 .debug_line    0x00003929      0x71e ./Core/Src/stm32f1xx_hal_msp.o
 .debug_line    0x00004047      0x87a ./Core/Src/stm32f1xx_it.o
 .debug_line    0x000048c1      0x751 ./Core/Src/system_stm32f1xx.o
 .debug_line    0x00005012       0x78 ./Core/Startup/startup_stm32f103c8tx.o
 .debug_line    0x0000508a      0x97e ./Drivers/STM32F1xx_HAL_Driver/Src/stm32f1xx_hal.o
 .debug_line    0x00005a08      0xb6a ./Drivers/STM32F1xx_HAL_Driver/Src/stm32f1xx_hal_cortex.o
 .debug_line    0x00006572      0xa17 ./Drivers/STM32F1xx_HAL_Driver/Src/stm32f1xx_hal_gpio.o
 .debug_line    0x00006f89     0x3beb ./Drivers/STM32F1xx_HAL_Driver/Src/stm32f1xx_hal_i2c.o
 .debug_line    0x0000ab74      0xd87 ./Drivers/STM32F1xx_HAL_Driver/Src/stm32f1xx_hal_rcc.o
 .debug_line    0x0000b8fb      0x795 ./Middlewares/Third_Party/FreeRTOS/Source/list.o
 .debug_line    0x0000c090     0x1a05 ./Middlewares/Third_Party/FreeRTOS/Source/tasks.o
 .debug_line    0x0000da95      0x7de ./Middlewares/Third_Party/FreeRTOS/Source/portable/GCC/ARM_CM3/port.o
 .debug_line    0x0000e273      0x95a ./Middlewares/Third_Party/FreeRTOS/Source/portable/MemMang/heap_4.o

.debug_str      0x00000000    0x887ba
 .debug_str     0x00000000    0x5406e ./Core/Src/USART_tx.o
                              0x54332 (size before relaxing)
 .debug_str     0x0005406e     0x3d70 ./Core/Src/flex.o
                              0x57d78 (size before relaxing)
 .debug_str     0x00057dde    0x28392 ./Core/Src/freertos.o
                              0x80049 (size before relaxing)
 .debug_str     0x00080170      0xc7a ./Core/Src/main.o
                              0x80d44 (size before relaxing)
 .debug_str     0x00080dea     0x3ab5 ./Core/Src/ssd1306.o
                              0x80ad4 (size before relaxing)
 .debug_str     0x0008489f       0x89 ./Core/Src/ssd1306_fonts.o
                              0x7cb59 (size before relaxing)
 .debug_str     0x00084928       0xd0 ./Core/Src/stm32f1xx_hal_msp.o
                              0x7cda7 (size before relaxing)
 .debug_str     0x000849f8       0xd9 ./Core/Src/stm32f1xx_it.o
                              0x7ffaa (size before relaxing)
 .debug_str     0x00084ad1       0x7e ./Core/Src/system_stm32f1xx.o
                              0x7c5da (size before relaxing)
 .debug_str     0x00084b4f       0x44 ./Core/Startup/startup_stm32f103c8tx.o
                                 0x83 (size before relaxing)
 .debug_str     0x00084b93      0x384 ./Drivers/STM32F1xx_HAL_Driver/Src/stm32f1xx_hal.o
                              0x7cd0d (size before relaxing)
 .debug_str     0x00084f17      0x258 ./Drivers/STM32F1xx_HAL_Driver/Src/stm32f1xx_hal_cortex.o
                              0x7cc59 (size before relaxing)
 .debug_str     0x0008516f      0x322 ./Drivers/STM32F1xx_HAL_Driver/Src/stm32f1xx_hal_gpio.o
                              0x7c960 (size before relaxing)
 .debug_str     0x00085491      0xbb5 ./Drivers/STM32F1xx_HAL_Driver/Src/stm32f1xx_hal_i2c.o
                              0x7d6a1 (size before relaxing)
 .debug_str     0x00086046      0x209 ./Drivers/STM32F1xx_HAL_Driver/Src/stm32f1xx_hal_rcc.o
                              0x7ca09 (size before relaxing)
 .debug_str     0x0008624f      0x148 ./Middlewares/Third_Party/FreeRTOS/Source/list.o
                               0xa76f (size before relaxing)
 .debug_str     0x00086397     0x1b72 ./Middlewares/Third_Party/FreeRTOS/Source/tasks.o
                               0xcaa0 (size before relaxing)
 .debug_str     0x00087f09      0x66e ./Middlewares/Third_Party/FreeRTOS/Source/portable/GCC/ARM_CM3/port.o
                               0x81e8 (size before relaxing)
 .debug_str     0x00088577      0x243 ./Middlewares/Third_Party/FreeRTOS/Source/portable/MemMang/heap_4.o
                               0xaebc (size before relaxing)

.comment        0x00000000       0x43
 .comment       0x00000000       0x43 ./Core/Src/USART_tx.o
                                 0x44 (size before relaxing)
 .comment       0x00000043       0x44 ./Core/Src/flex.o
 .comment       0x00000043       0x44 ./Core/Src/freertos.o
 .comment       0x00000043       0x44 ./Core/Src/main.o
 .comment       0x00000043       0x44 ./Core/Src/ssd1306.o
 .comment       0x00000043       0x44 ./Core/Src/ssd1306_fonts.o
 .comment       0x00000043       0x44 ./Core/Src/stm32f1xx_hal_msp.o
 .comment       0x00000043       0x44 ./Core/Src/stm32f1xx_it.o
 .comment       0x00000043       0x44 ./Core/Src/system_stm32f1xx.o
 .comment       0x00000043       0x44 ./Drivers/STM32F1xx_HAL_Driver/Src/stm32f1xx_hal.o
 .comment       0x00000043       0x44 ./Drivers/STM32F1xx_HAL_Driver/Src/stm32f1xx_hal_cortex.o
 .comment       0x00000043       0x44 ./Drivers/STM32F1xx_HAL_Driver/Src/stm32f1xx_hal_gpio.o
 .comment       0x00000043       0x44 ./Drivers/STM32F1xx_HAL_Driver/Src/stm32f1xx_hal_i2c.o
 .comment       0x00000043       0x44 ./Drivers/STM32F1xx_HAL_Driver/Src/stm32f1xx_hal_rcc.o
 .comment       0x00000043       0x44 ./Middlewares/Third_Party/FreeRTOS/Source/list.o
 .comment       0x00000043       0x44 ./Middlewares/Third_Party/FreeRTOS/Source/tasks.o
 .comment       0x00000043       0x44 ./Middlewares/Third_Party/FreeRTOS/Source/portable/GCC/ARM_CM3/port.o
 .comment       0x00000043       0x44 ./Middlewares/Third_Party/FreeRTOS/Source/portable/MemMang/heap_4.o

.debug_frame    0x00000000     0x2cd8
 .debug_frame   0x00000000       0x9c ./Core/Src/USART_tx.o
 .debug_frame   0x0000009c       0xfc ./Core/Src/flex.o
 .debug_frame   0x00000198       0x38 ./Core/Src/freertos.o
 .debug_frame   0x000001d0      0x110 ./Core/Src/main.o
 .debug_frame   0x000002e0      0x3e0 ./Core/Src/ssd1306.o
 .debug_frame   0x000006c0       0x7c ./Core/Src/stm32f1xx_hal_msp.o
 .debug_frame   0x0000073c       0xc4 ./Core/Src/stm32f1xx_it.o
 .debug_frame   0x00000800       0x58 ./Core/Src/system_stm32f1xx.o
 .debug_frame   0x00000858      0x334 ./Drivers/STM32F1xx_HAL_Driver/Src/stm32f1xx_hal.o
 .debug_frame   0x00000b8c      0x428 ./Drivers/STM32F1xx_HAL_Driver/Src/stm32f1xx_hal_cortex.o
 .debug_frame   0x00000fb4      0x14c ./Drivers/STM32F1xx_HAL_Driver/Src/stm32f1xx_hal_gpio.o
 .debug_frame   0x00001100      0xc84 ./Drivers/STM32F1xx_HAL_Driver/Src/stm32f1xx_hal_i2c.o
 .debug_frame   0x00001d84      0x218 ./Drivers/STM32F1xx_HAL_Driver/Src/stm32f1xx_hal_rcc.o
 .debug_frame   0x00001f9c       0xd8 ./Middlewares/Third_Party/FreeRTOS/Source/list.o
 .debug_frame   0x00002074      0x758 ./Middlewares/Third_Party/FreeRTOS/Source/tasks.o
 .debug_frame   0x000027cc      0x198 ./Middlewares/Third_Party/FreeRTOS/Source/portable/GCC/ARM_CM3/port.o
 .debug_frame   0x00002964      0x108 ./Middlewares/Third_Party/FreeRTOS/Source/portable/MemMang/heap_4.o
 .debug_frame   0x00002a6c       0x20 C:/ST/STM32CubeIDE_1.14.1/STM32CubeIDE/plugins/com.st.stm32cube.ide.mcu.externaltools.gnu-tools-for-stm32.12.3.rel1.win32_1.0.100.202403111256/tools/bin/../lib/gcc/arm-none-eabi/12.3.1/../../../../arm-none-eabi/lib/thumb/v7-m/nofp\libc_nano.a(libc_a-memset.o)
 .debug_frame   0x00002a8c       0x2c C:/ST/STM32CubeIDE_1.14.1/STM32CubeIDE/plugins/com.st.stm32cube.ide.mcu.externaltools.gnu-tools-for-stm32.12.3.rel1.win32_1.0.100.202403111256/tools/bin/../lib/gcc/arm-none-eabi/12.3.1/../../../../arm-none-eabi/lib/thumb/v7-m/nofp\libc_nano.a(libc_a-init.o)
 .debug_frame   0x00002ab8       0xac C:/ST/STM32CubeIDE_1.14.1/STM32CubeIDE/plugins/com.st.stm32cube.ide.mcu.externaltools.gnu-tools-for-stm32.12.3.rel1.win32_1.0.100.202403111256/tools/bin/../lib/gcc/arm-none-eabi/12.3.1/thumb/v7-m/nofp\libgcc.a(_arm_addsubdf3.o)
 .debug_frame   0x00002b64       0x50 C:/ST/STM32CubeIDE_1.14.1/STM32CubeIDE/plugins/com.st.stm32cube.ide.mcu.externaltools.gnu-tools-for-stm32.12.3.rel1.win32_1.0.100.202403111256/tools/bin/../lib/gcc/arm-none-eabi/12.3.1/thumb/v7-m/nofp\libgcc.a(_arm_muldivdf3.o)
 .debug_frame   0x00002bb4       0x24 C:/ST/STM32CubeIDE_1.14.1/STM32CubeIDE/plugins/com.st.stm32cube.ide.mcu.externaltools.gnu-tools-for-stm32.12.3.rel1.win32_1.0.100.202403111256/tools/bin/../lib/gcc/arm-none-eabi/12.3.1/thumb/v7-m/nofp\libgcc.a(_arm_truncdfsf2.o)
 .debug_frame   0x00002bd8       0x38 C:/ST/STM32CubeIDE_1.14.1/STM32CubeIDE/plugins/com.st.stm32cube.ide.mcu.externaltools.gnu-tools-for-stm32.12.3.rel1.win32_1.0.100.202403111256/tools/bin/../lib/gcc/arm-none-eabi/12.3.1/thumb/v7-m/nofp\libgcc.a(_arm_muldivsf3.o)
 .debug_frame   0x00002c10       0xc8 C:/ST/STM32CubeIDE_1.14.1/STM32CubeIDE/plugins/com.st.stm32cube.ide.mcu.externaltools.gnu-tools-for-stm32.12.3.rel1.win32_1.0.100.202403111256/tools/bin/../lib/gcc/arm-none-eabi/12.3.1/thumb/v7-m/nofp\libgcc.a(_arm_cmpsf2.o)

.debug_line_str
                0x00000000       0x67
 .debug_line_str
                0x00000000       0x67 ./Core/Startup/startup_stm32f103c8tx.o
